src/components/DocumentComparator.tsx(5,10): error TS2305: Module '"@/services/api"' has no exported member 'api'.
src/components/MetadataForm.tsx(4,10): error TS2305: Module '"@/services/api"' has no exported member 'DocumentMetadata'.
src/components/ResultsViewer.tsx(4,10): error TS2305: Module '"@/services/api"' has no exported member 'EvaluationResponse'.
src/components/ResultsViewer.tsx(4,30): error TS2305: Module '"@/services/api"' has no exported member 'Finding'.
src/components/ResultsViewer.tsx(105,135): error TS7006: Parameter 'b' implicitly has an 'any' type.
src/components/ResultsViewer.tsx(107,27): error TS7006: Parameter 'f' implicitly has an 'any' type.
src/components/ResultsViewer.tsx(218,60): error TS7006: Parameter 'blocker' implicitly has an 'any' type.
src/components/ResultsViewer.tsx(218,69): error TS7006: Parameter 'idx' implicitly has an 'any' type.
src/components/ResultsViewer.tsx(230,59): error TS7006: Parameter 'section' implicitly has an 'any' type.
src/components/ResultsViewer.tsx(230,68): error TS7006: Parameter 'idx' implicitly has an 'any' type.
src/components/ResultsViewer.tsx(241,47): error TS7006: Parameter 'finding' implicitly has an 'any' type.
